[backblue.gif]
[fade.gif]
[index.html]
[www.susanbuckmorss.info/common/images/favicon.ico]
[www.susanbuckmorss.info/rss/index.html]
[www.susanbuckmorss.info/media/files/cvthreepageaugust2015.doc]
[www.susanbuckmorss.info/media/files/benjaminasmethod-fall2021syl.doc]
[www.susanbuckmorss.info/media/files/critical-reason-spring-2021syl.doc]
[www.susanbuckmorss.info/media/files/democratic-socialism-syllabus-fall-2020.docx]
[www.susanbuckmorss.info/directus/media/thumbnails/envisioningcapital001sociogramcf4b.jpg]
[www.susanbuckmorss.info/directus/media/thumbnails/envisioningcapital002hierarchicalenterprise08b5.jpg]
[www.susanbuckmorss.info/directus/media/thumbnails/envisioningcapital003nationaleconomy17d4.jpg]
[www.susanbuckmorss.info/directus/media/thumbnails/envisioningcapital004tableaueconomique316c.jpg]
[www.susanbuckmorss.info/directus/media/thumbnails/envisioningcapital005bthreeportraits348f.jpg]
[www.susanbuckmorss.info/directus/media/thumbnails/envisioningcapital005athreeportraits260c.jpg]
[www.susanbuckmorss.info/directus/media/thumbnails/envisioningcapital006chartimportexport1097.jpg]
[www.susanbuckmorss.info/directus/media/thumbnails/envisioningcapital007chartwheatandwages43a5.jpg]
[www.susanbuckmorss.info/directus/media/thumbnails/envisioningcapital008cartefigurative3ec7.jpg]
[www.susanbuckmorss.info/directus/media/thumbnails/envisioningcapital009supplydemand10ff.jpg]
[www.susanbuckmorss.info/directus/media/thumbnails/envisioningcapital010leakageddbd.jpg]
[www.susanbuckmorss.info/directus/media/thumbnails/envisioningcapital011industrypurchasing19872.jpg]
[www.susanbuckmorss.info/directus/media/thumbnails/envisioningcapital012industrypurchasing23dbd.jpg]
[www.susanbuckmorss.info/media/files/envisioningcapital001sociogram.jpg]
[www.susanbuckmorss.info/media/files/envisioningcapital002hierarchicalenterprise.jpg]
[www.susanbuckmorss.info/media/files/envisioningcapital003nationaleconomy.jpg]
[www.susanbuckmorss.info/media/files/envisioningcapital004tableaueconomique.jpg]
[www.susanbuckmorss.info/media/files/envisioningcapital005athreeportraits.jpg]
[www.susanbuckmorss.info/media/files/envisioningcapital005bthreeportraits.jpg]
[www.susanbuckmorss.info/media/files/envisioningcapital006chartimportexport.jpg]
[www.susanbuckmorss.info/media/files/envisioningcapital007chartwheatandwages.jpg]
[www.susanbuckmorss.info/media/files/envisioningcapital008cartefigurative.jpg]
[www.susanbuckmorss.info/media/files/envisioningcapital009supplydemand.jpg]
[www.susanbuckmorss.info/media/files/envisioningcapital010leakage.jpg]
[www.susanbuckmorss.info/media/files/envisioningcapital011industrypurchasing1.jpg]
[www.susanbuckmorss.info/media/files/envisioningcapital012industrypurchasing2.jpg]
[www.susanbuckmorss.info/index.html]
[www.susanbuckmorss.info/common/css/reset.css]
[www.susanbuckmorss.info/common/css/fonts/modernpics_2_16-webfont.eot]
[www.susanbuckmorss.info/common/css/fonts/modernpics_2_16-webfontd41d.eot]
[www.susanbuckmorss.info/common/css/fonts/modernpics_2_16-webfont.woff]
[www.susanbuckmorss.info/common/css/fonts/modernpics_2_16-webfont.ttf]
[www.susanbuckmorss.info/common/css/basec4ca.css]
[www.susanbuckmorss.info/common/js/jquery-1.8.3.min.js]
[www.susanbuckmorss.info/common/js/jquery.scrollto.min.js]
[www.susanbuckmorss.info/common/js/jquery.imagesloaded.min.js]
[www.susanbuckmorss.info/common/js/customSelect.jquery.min.js]
[www.susanbuckmorss.info/common/js/jquery.cookie.js]
[www.susanbuckmorss.info/common/js/sessvars.js]
[www.susanbuckmorss.info/common/js/mainc4ca.js]
[www.susanbuckmorss.info/common/js/homec4ca.js]
[use.typekit.net/zou0pho.js]
[www.susanbuckmorss.info/media/files/cv-long-2021.doc]
[www.susanbuckmorss.info/page/curriculum-vitae/index.html]
[www.susanbuckmorss.info/cdn-cgi/l/email-protection.html]
[www.susanbuckmorss.info/page/about-this-website/index.html]
[www.susanbuckmorss.info/directus/media/thumbnails/h-and-hcover4234.jpg]
[www.susanbuckmorss.info/directus/media/thumbnails/terrorcover4234.jpg]
[www.susanbuckmorss.info/directus/media/thumbnails/dreamworldcover4234.jpg]
[www.susanbuckmorss.info/directus/media/thumbnails/dialecticscover4234.jpg]
[www.susanbuckmorss.info/directus/media/thumbnails/negativedialectics020bookcover4234.jpg]
[www.susanbuckmorss.info/directus/media/thumbnails/h-and-hcover2c1c.jpg]
[www.susanbuckmorss.info/media/files/frenchhegelhaiti.jpg]
[www.susanbuckmorss.info/media/files/hhgerman.jpg]
[www.susanbuckmorss.info/media/files/hhspanish.jpg]
[www.susanbuckmorss.info/media/files/hagel-haiti-and-universal-history-preface.pdf]
[www.susanbuckmorss.info/media/files/the-project-of-universal-history.pdf]
[www.susanbuckmorss.info/books/hegel-haiti-and-universal-history/index.html]
[www.susanbuckmorss.info/directus/media/thumbnails/terrorcover2c1c.jpg]
[www.susanbuckmorss.info/media/files/terrortranslationscovermontage.jpg]
[www.susanbuckmorss.info/media/files/spanishtranslation.jpg]
[www.susanbuckmorss.info/media/files/thinking-in-past-terror-preface-1.pdf]
[www.susanbuckmorss.info/media/files/chapter1-introduction.pdf]
[www.susanbuckmorss.info/media/files/global-left.pdf]
[www.susanbuckmorss.info/books/thinking-past-terror/index.html]
[www.susanbuckmorss.info/directus/media/thumbnails/dreamworldcover2c1c.jpg]
[www.susanbuckmorss.info/media/files/dreamworldtranslation.jpg]
[www.susanbuckmorss.info/media/files/slovenian-1.jpg]
[www.susanbuckmorss.info/media/files/preface-1.pdf]
[www.susanbuckmorss.info/media/files/a-cosmopolitan-project.pdf]
[www.susanbuckmorss.info/media/files/revolutionary-art.pdf]
[www.susanbuckmorss.info/media/files/art-and-bolshevik-time.pdf]
[www.susanbuckmorss.info/media/files/vanguard-avant-garde.pdf]
[www.susanbuckmorss.info/books/dreamworld-and-catastrophe/index.html]
[www.susanbuckmorss.info/directus/media/thumbnails/dialecticscover2c1c.jpg]
[www.susanbuckmorss.info/media/files/dialectics-spanish.jpg]
[www.susanbuckmorss.info/media/files/germantranslation.jpg]
[www.susanbuckmorss.info/media/files/portugesetranslation.jpg]
[www.susanbuckmorss.info/media/files/turkishtranslation.jpg]
[www.susanbuckmorss.info/media/files/the-dialectics-of-seeing.pdf]
[www.susanbuckmorss.info/media/files/section-7.pdf]
[www.susanbuckmorss.info/books/the-dialectics-of-seeing/index.html]
[www.susanbuckmorss.info/directus/media/thumbnails/negativedialectics020bookcover2c1c.jpg]
[www.susanbuckmorss.info/media/files/origen-de-la-dialectica-negativa-9789871673346.jpg]
[www.susanbuckmorss.info/media/files/origen-de-la-dialectica-negativa-9789871673346-1.jpg]
[www.susanbuckmorss.info/media/files/preface-acknowledgements-1.pdf]
[www.susanbuckmorss.info/media/files/chapter12-epilogue-the-method-of-negative-dialectics.pdf]
[www.susanbuckmorss.info/media/files/the-concrete-particular-and-the-dilemma-of-bourgeois-society.pdf]
[www.susanbuckmorss.info/books/the-origin-of-negative-dialectics/index.html]
[www.susanbuckmorss.info/directus/media/thumbnails/commonistethics002tigerfierce-1e4ce.jpg]
[www.susanbuckmorss.info/directus/media/thumbnails/commonistethics003babyantelope-127af.jpg]
[www.susanbuckmorss.info/directus/media/thumbnails/commonistethics005wallclimb-1fb3c.jpg]
[www.susanbuckmorss.info/directus/media/thumbnails/commonistethics008caravaggioconversion-18e05.jpg]
[www.susanbuckmorss.info/directus/media/thumbnails/commonistethics016tunisiagameover3771.jpg]
[www.susanbuckmorss.info/directus/media/thumbnails/commonistethics015occupywallsta9b3.jpg]
[www.susanbuckmorss.info/directus/media/thumbnails/commonistethics009dtahrirmontage4940.jpg]
[www.susanbuckmorss.info/directus/media/thumbnails/commonistethics004leninreading-1c923.jpg]
[www.susanbuckmorss.info/directus/media/thumbnails/commonistethics030occupiednewspapere51c.jpg]
[www.susanbuckmorss.info/directus/media/thumbnails/commonistethicsfinal3a48.jpg]
[www.susanbuckmorss.info/directus/media/thumbnails/commonistethics046egyptianfeministb-and-w02b5.jpg]
[www.susanbuckmorss.info/media/files/commonistethics002tigerfierce-1.jpg]
[www.susanbuckmorss.info/media/files/commonistethics003babyantelope-1.jpg]
[www.susanbuckmorss.info/media/files/commonistethics005wallclimb-1.jpg]
[www.susanbuckmorss.info/media/files/commonistethics008caravaggioconversion-1.jpg]
[www.susanbuckmorss.info/media/files/commonistethics016tunisiagameover.jpg]
[www.susanbuckmorss.info/media/files/commonistethics015occupywallst.jpg]
[www.susanbuckmorss.info/media/files/commonistethics004leninreading-1.jpg]
[www.susanbuckmorss.info/media/files/commonistethics030occupiednewspaper.jpg]
[www.susanbuckmorss.info/media/files/commonistethicsfinal.jpg]
[www.susanbuckmorss.info/media/files/commonistethics046egyptianfeministb-and-w.jpg]
[www.susanbuckmorss.info/text/commonist-ethics/index.html]
[www.susanbuckmorss.info/directus/media/thumbnails/seeingglobal001starchartsection19a5e.jpg]
[www.susanbuckmorss.info/directus/media/thumbnails/seeingglobal002starchartlong30c7.jpg]
[www.susanbuckmorss.info/directus/media/thumbnails/seeingglobal003starchartsection29679.jpg]
[www.susanbuckmorss.info/directus/media/thumbnails/seeingglobal004worldmapspain27af.jpg]
[www.susanbuckmorss.info/directus/media/thumbnails/seeingglobal005feathermapspain2d86.jpg]
[www.susanbuckmorss.info/directus/media/thumbnails/seeingglobal006aworldmapblack-and-yellow-169fd.jpg]
[www.susanbuckmorss.info/directus/media/thumbnails/seeingglobal006bworldmapblack-and-yellow-14044.jpg]
[www.susanbuckmorss.info/directus/media/thumbnails/seeingglobal007mapcrackedarrowup-27901.jpg]
[www.susanbuckmorss.info/directus/media/thumbnails/seeingglobal008mapmingdynastyyellow-1a888.jpg]
[www.susanbuckmorss.info/directus/media/thumbnails/seeingglobal009aoriginalmapal-idrisib6c1.jpg]
[www.susanbuckmorss.info/directus/media/thumbnails/seeingglobal009binvertedmapal-idrisi3af7.jpg]
[www.susanbuckmorss.info/directus/media/thumbnails/seeingglobal010circleearthhingedc36f.jpg]
[www.susanbuckmorss.info/directus/media/thumbnails/seeingglobal011ptolemymapblue17d4.jpg]
[www.susanbuckmorss.info/directus/media/thumbnails/seeingglobal012earthriscecloseup703b.jpg]
[www.susanbuckmorss.info/directus/media/thumbnails/seeingglobal013earthrisefar99de.jpg]
[www.susanbuckmorss.info/directus/media/thumbnails/seeingglobal014earthrisecolord142.jpg]
[www.susanbuckmorss.info/directus/media/thumbnails/seeingglobal015beginninggoda16a.jpg]
[www.susanbuckmorss.info/directus/media/thumbnails/seeingglobal016lunarcrater12a5.jpg]
[www.susanbuckmorss.info/directus/media/thumbnails/seeingglobal017manonmoon3e72.jpg]
[www.susanbuckmorss.info/directus/media/thumbnails/seeingglobal018moonstep-1fe96.jpg]
[www.susanbuckmorss.info/directus/media/thumbnails/seeingglobal019earthd5dc.jpg]
[www.susanbuckmorss.info/directus/media/thumbnails/seeingglobal020redcirclepainting7f25.jpg]
[www.susanbuckmorss.info/directus/media/thumbnails/seeingglobal021perfumednightmare-19de4.jpg]
[www.susanbuckmorss.info/directus/media/thumbnails/seeingglobal022amalcolmxgrin4c24.jpg]
[www.susanbuckmorss.info/directus/media/thumbnails/seeingglobal022bmalcolmxinroom9997.jpg]
[www.susanbuckmorss.info/directus/media/thumbnails/seeingglobal023asayyidoutb4barsfc9f.jpg]
[www.susanbuckmorss.info/directus/media/thumbnails/seeingglobal023bsayyidoutb2bars-110de.jpg]
[www.susanbuckmorss.info/directus/media/thumbnails/seeingglobal024aalishariatibookcover317d.jpg]
[www.susanbuckmorss.info/directus/media/thumbnails/seeingglobal024balishariatiheadshot1262.jpg]
[www.susanbuckmorss.info/directus/media/thumbnails/seeingglobal024calishariatibricks51ff.jpg]
[www.susanbuckmorss.info/directus/media/thumbnails/seeingglobal025afrantzcanontie-17484.jpg]
[www.susanbuckmorss.info/directus/media/thumbnails/seeingglobal025bfrantzcanoncasual-14b9a.jpg]
[www.susanbuckmorss.info/directus/media/thumbnails/seeingglobal026amahmoudtaharobe6991.jpg]
[www.susanbuckmorss.info/directus/media/thumbnails/seeingglobal026bmahmoudtahaturbanc5f0.jpg]
[www.susanbuckmorss.info/directus/media/thumbnails/seeingglobal026cmahmoudtahawesternfbca.jpg]
[www.susanbuckmorss.info/directus/media/thumbnails/seeingglobal027bmalcolmxautobiography80ee.jpg]
[www.susanbuckmorss.info/directus/media/thumbnails/seeingglobal028b2ndmessageislam106f.jpg]
[www.susanbuckmorss.info/directus/media/thumbnails/seeingglobal029bwretchedearth680f.jpg]
[www.susanbuckmorss.info/directus/media/thumbnails/seeingglobal030milestonesd586.jpg]
[www.susanbuckmorss.info/directus/media/thumbnails/seeingglobal031lamthejungle7a4c.jpg]
[www.susanbuckmorss.info/directus/media/thumbnails/seeingglobal032boghossiannightflighteab8.jpg]
[www.susanbuckmorss.info/directus/media/thumbnails/seeingglobal033lamtotem3992.jpg]
[www.susanbuckmorss.info/directus/media/thumbnails/seeingglobal034boghossianwedding7aca.jpg]
[www.susanbuckmorss.info/directus/media/thumbnails/seeingglobal035sadequaincobwebbb31.jpg]
[www.susanbuckmorss.info/directus/media/thumbnails/seeingglobal036iqbalwhitehorsea97b.jpg]
[www.susanbuckmorss.info/directus/media/thumbnails/seeingglobal037sadequainheadless2645.jpg]
[www.susanbuckmorss.info/directus/media/thumbnails/seeingglobal038sadequainportraitb-and-w7d24.jpg]
[www.susanbuckmorss.info/directus/media/thumbnails/seeingglobal039sadequaincalligraphic7251.jpg]
[www.susanbuckmorss.info/directus/media/thumbnails/seeingglobal040umarswirls3d6e.jpg]
[www.susanbuckmorss.info/directus/media/thumbnails/seeingglobal041umarcosmica914.jpg]
[www.susanbuckmorss.info/directus/media/thumbnails/seeingglobal042el-salahibeigesound497e.jpg]
[www.susanbuckmorss.info/directus/media/thumbnails/seeingglobal043alsaidabstractgrey2486.jpg]
[www.susanbuckmorss.info/directus/media/thumbnails/seeingglobal044alsaidredmarkad2a.jpg]
[www.susanbuckmorss.info/directus/media/thumbnails/seeingglobal045goldcalligraphic12a5.jpg]
[www.susanbuckmorss.info/directus/media/thumbnails/seeingglobal046womanofallahf882.jpg]
[www.susanbuckmorss.info/directus/media/thumbnails/seeingglobal047abrushdetails12569.jpg]
[www.susanbuckmorss.info/directus/media/thumbnails/seeingglobal047bbrushdetails2152b.jpg]
[www.susanbuckmorss.info/directus/media/thumbnails/seeingglobal048songlandscape8342.jpg]
[www.susanbuckmorss.info/directus/media/thumbnails/seeingglobal049kuo-songearthb570.jpg]
[www.susanbuckmorss.info/directus/media/thumbnails/seeingglobal050mlkingchristb4f4.jpg]
[www.susanbuckmorss.info/directus/media/thumbnails/seeingglobal051zodiacheads27e5.jpg]
[www.susanbuckmorss.info/directus/media/thumbnails/seeingglobal052earth1968e481.jpg]
[www.susanbuckmorss.info/directus/media/thumbnails/seeingglobal053zodiachead451e.jpg]
[www.susanbuckmorss.info/media/files/seeingglobal001starchartsection1.jpg]
[www.susanbuckmorss.info/media/files/seeingglobal002starchartlong.jpg]
[www.susanbuckmorss.info/media/files/seeingglobal003starchartsection2.jpg]
[www.susanbuckmorss.info/media/files/seeingglobal004worldmapspain.jpg]
[www.susanbuckmorss.info/media/files/seeingglobal005feathermapspain.jpg]
[www.susanbuckmorss.info/media/files/seeingglobal006bworldmapblack-and-yellow-1.jpg]
[www.susanbuckmorss.info/media/files/seeingglobal006aworldmapblack-and-yellow-1.jpg]
[www.susanbuckmorss.info/media/files/seeingglobal007mapcrackedarrowup-2.jpg]
[www.susanbuckmorss.info/media/files/seeingglobal008mapmingdynastyyellow-1.jpg]
[www.susanbuckmorss.info/media/files/seeingglobal009aoriginalmapal-idrisi.jpg]
[www.susanbuckmorss.info/media/files/seeingglobal009binvertedmapal-idrisi.jpg]
[www.susanbuckmorss.info/media/files/seeingglobal010circleearthhinged.jpg]
[www.susanbuckmorss.info/media/files/seeingglobal011ptolemymapblue.jpg]
[www.susanbuckmorss.info/media/files/seeingglobal012earthriscecloseup.jpg]
[www.susanbuckmorss.info/media/files/seeingglobal013earthrisefar.jpg]
[www.susanbuckmorss.info/media/files/seeingglobal014earthrisecolor.jpg]
[www.susanbuckmorss.info/media/files/seeingglobal015beginninggod.jpg]
[www.susanbuckmorss.info/media/files/seeingglobal016lunarcrater.jpg]
[www.susanbuckmorss.info/media/files/seeingglobal017manonmoon.jpg]
[www.susanbuckmorss.info/media/files/seeingglobal018moonstep.jpg]
[www.susanbuckmorss.info/media/files/seeingglobal052earth1968.jpg]
[www.susanbuckmorss.info/media/files/seeingglobal020redcirclepainting.jpg]
[www.susanbuckmorss.info/media/files/seeingglobal021perfumednightmare-1.jpg]
[www.susanbuckmorss.info/media/files/seeingglobal022amalcolmxgrin.jpg]
[www.susanbuckmorss.info/media/files/seeingglobal022bmalcolmxinroom.jpg]
[www.susanbuckmorss.info/media/files/seeingglobal023asayyidoutb4bars.jpg]
[www.susanbuckmorss.info/media/files/seeingglobal023bsayyidoutb2bars-1.jpg]
[www.susanbuckmorss.info/media/files/seeingglobal024balishariatiheadshot.jpg]
[www.susanbuckmorss.info/media/files/seeingglobal024calishariatibricks.jpg]
[www.susanbuckmorss.info/media/files/seeingglobal025afrantzcanontie-1.jpg]
[www.susanbuckmorss.info/media/files/seeingglobal025bfrantzcanoncasual-1.jpg]
[www.susanbuckmorss.info/media/files/seeingglobal026amahmoudtaharobe.jpg]
[www.susanbuckmorss.info/media/files/seeingglobal026bmahmoudtahaturban.jpg]
[www.susanbuckmorss.info/media/files/seeingglobal026cmahmoudtahawestern.jpg]
[www.susanbuckmorss.info/media/files/seeingglobal027bmalcolmxautobiography.jpg]
[www.susanbuckmorss.info/media/files/seeingglobal028b2ndmessageislam.jpg]
[www.susanbuckmorss.info/media/files/seeingglobal029bwretchedearth.jpg]
[www.susanbuckmorss.info/media/files/seeingglobal024aalishariatibookcover.jpg]
[www.susanbuckmorss.info/media/files/seeingglobal030milestones.jpg]
[www.susanbuckmorss.info/media/files/seeingglobal031lamthejungle.jpg]
[www.susanbuckmorss.info/media/files/seeingglobal032boghossiannightflight.jpg]
[www.susanbuckmorss.info/media/files/seeingglobal033lamtotem.jpg]
[www.susanbuckmorss.info/media/files/seeingglobal034boghossianwedding.jpg]
[www.susanbuckmorss.info/media/files/seeingglobal035sadequaincobweb.jpg]
[www.susanbuckmorss.info/media/files/seeingglobal036iqbalwhitehorse.jpg]
[www.susanbuckmorss.info/media/files/seeingglobal037sadequainheadless.jpg]
[www.susanbuckmorss.info/media/files/seeingglobal038sadequainportraitb-and-w.jpg]
[www.susanbuckmorss.info/media/files/seeingglobal039sadequaincalligraphic.jpg]
[www.susanbuckmorss.info/media/files/seeingglobal042el-salahibeigesound.jpg]
[www.susanbuckmorss.info/media/files/seeingglobal043alsaidabstractgrey.jpg]
[www.susanbuckmorss.info/media/files/seeingglobal044alsaidredmark.jpg]
[www.susanbuckmorss.info/media/files/seeingglobal045goldcalligraphic.jpg]
[www.susanbuckmorss.info/media/files/seeingglobal047abrushdetails1.jpg]
[www.susanbuckmorss.info/media/files/seeingglobal047bbrushdetails2.jpg]
[www.susanbuckmorss.info/media/files/seeingglobal048songlandscape.jpg]
[www.susanbuckmorss.info/media/files/seeingglobal049kuo-songearth.jpg]
[www.susanbuckmorss.info/media/files/seeingglobal050mlkingchrist.jpg]
[www.susanbuckmorss.info/media/files/seeingglobal064golgotha-1.jpg]
[www.susanbuckmorss.info/text/seeing-global/index.html]
[www.susanbuckmorss.info/directus/media/thumbnails/visualempire001dragon-19679.jpg]
[www.susanbuckmorss.info/directus/media/thumbnails/visualempire002leviathan-2c5f0.jpg]
[www.susanbuckmorss.info/directus/media/thumbnails/visualempire003alissitzky-137ef.jpg]
[www.susanbuckmorss.info/directus/media/thumbnails/visualempire003blenin-1efa2.jpg]
[www.susanbuckmorss.info/directus/media/thumbnails/visualempire004virgin-29b39.jpg]
[www.susanbuckmorss.info/directus/media/thumbnails/visualempire005emperor-2f402.jpg]
[www.susanbuckmorss.info/directus/media/thumbnails/visualempire005bproskinesis8849.jpg]
[www.susanbuckmorss.info/directus/media/thumbnails/visualempire006achrist-16546.jpg]
[www.susanbuckmorss.info/directus/media/thumbnails/visualempire006bmotherofgod-17e91.jpg]
[www.susanbuckmorss.info/directus/media/thumbnails/visualempire007monasterystapollo-1808c.jpg]
[www.susanbuckmorss.info/directus/media/thumbnails/visualempire008mosaic-44940.jpg]
[www.susanbuckmorss.info/directus/media/thumbnails/visualempire009ahsjohnbaptist-127af.jpg]
[www.susanbuckmorss.info/directus/media/thumbnails/visualempire009bhsvirgin-2b14a.jpg]
[www.susanbuckmorss.info/directus/media/thumbnails/visualempire009chsmosqueinterior-2c36f.jpg]
[www.susanbuckmorss.info/directus/media/thumbnails/visualempire010orthodoxy-2fc3b.jpg]
[www.susanbuckmorss.info/directus/media/thumbnails/visualempire011arubelev-16b6d.jpg]
[www.susanbuckmorss.info/directus/media/thumbnails/visualempire012september11-3fb3c.jpg]
[www.susanbuckmorss.info/directus/media/thumbnails/visualempire011ccoinsa2cd.jpg]
[www.susanbuckmorss.info/directus/media/thumbnails/visualempire013acrowningconstantine-2ba4c.jpg]
[www.susanbuckmorss.info/directus/media/thumbnails/visualempire013bcrowningbush-17242.jpg]
[www.susanbuckmorss.info/directus/media/thumbnails/visualempire014ahitlerpropaganda-3ddd6.jpg]
[www.susanbuckmorss.info/directus/media/thumbnails/visualempire014bhitlercar-2e874.jpg]
[www.susanbuckmorss.info/directus/media/thumbnails/visualempire014chitlertalk-23dbd.jpg]
[www.susanbuckmorss.info/directus/media/thumbnails/visualempire015ahitlercrowd-26b97.jpg]
[www.susanbuckmorss.info/directus/media/thumbnails/visualempire015bhitlerarm-1ff6b.jpg]
[www.susanbuckmorss.info/directus/media/thumbnails/visualempire016triumphofthewill-3dd02.jpg]
[www.susanbuckmorss.info/directus/media/thumbnails/visualempire017amolochhands-1fad2.jpg]
[www.susanbuckmorss.info/directus/media/thumbnails/visualempire017bmolochbaby-1e049.jpg]
[www.susanbuckmorss.info/directus/media/thumbnails/visualempire018twowomen-1c83a.jpg]
[www.susanbuckmorss.info/directus/media/thumbnails/visualempire019agottmituns-16129.jpg]
[www.susanbuckmorss.info/directus/media/thumbnails/visualempire019bhitlerpopec34e.jpg]
[www.susanbuckmorss.info/directus/media/thumbnails/visualempire020womanprofile-1a601.jpg]
[www.susanbuckmorss.info/directus/media/thumbnails/visualempire021leninredflag-1d586.jpg]
[www.susanbuckmorss.info/directus/media/thumbnails/visualempire022agoateemanchair-1c923.jpg]
[www.susanbuckmorss.info/directus/media/thumbnails/visualempire022bgoateemanprofile8b08.jpg]
[www.susanbuckmorss.info/directus/media/thumbnails/visualempire022cgoateemangroup-197dd.jpg]
[www.susanbuckmorss.info/directus/media/thumbnails/visualempire023goateemandead-1fc65.jpg]
[www.susanbuckmorss.info/directus/media/thumbnails/visualempire024ajapangeneral-1bc8a.jpg]
[www.susanbuckmorss.info/directus/media/thumbnails/visualempire024bjapanhorse-121b7.jpg]
[www.susanbuckmorss.info/directus/media/thumbnails/visualempire025japanamberliquid-1d0db.jpg]
[www.susanbuckmorss.info/directus/media/thumbnails/visualempire026hirohitocoronationb14a.jpg]
[www.susanbuckmorss.info/directus/media/thumbnails/visualempire027mcarthurhirohito05b5.jpg]
[www.susanbuckmorss.info/directus/media/thumbnails/visualempire028hirohitolifemagb14a.jpg]
[www.susanbuckmorss.info/directus/media/thumbnails/visualempire029hirohitotophat05b5.jpg]
[www.susanbuckmorss.info/directus/media/thumbnails/visualempire030tableforone-1ddbd.jpg]
[www.susanbuckmorss.info/media/files/visualempire001dragon-1.jpg]
[www.susanbuckmorss.info/media/files/visualempire002leviathan-2.jpg]
[www.susanbuckmorss.info/media/files/visualempire005emperor-2.jpg]
[www.susanbuckmorss.info/media/files/visualempire005bproskinesis.jpg]
[www.susanbuckmorss.info/media/files/visualempire004virgin-2.jpg]
[www.susanbuckmorss.info/media/files/visualempire007monasterystapollo-1.jpg]
[www.susanbuckmorss.info/media/files/visualempire011ccoins.jpg]
[www.susanbuckmorss.info/media/files/visualempire013acrowningconstantine-2.jpg]
[www.susanbuckmorss.info/media/files/visualempire013bcrowningbush-1.jpg]
[www.susanbuckmorss.info/media/files/visualempire014ahitlerpropaganda-3.jpg]
[www.susanbuckmorss.info/media/files/visualempire014bhitlercar-2.jpg]
[www.susanbuckmorss.info/media/files/visualempire018twowomen-1.jpg]
[www.susanbuckmorss.info/media/files/visualempire021leninredflag-1.jpg]
[www.susanbuckmorss.info/media/files/visualempire022agoateemanchair-1.jpg]
[www.susanbuckmorss.info/media/files/visualempire022bgoateemanprofile.jpg]
[www.susanbuckmorss.info/media/files/visualempire022cgoateemangroup-1.jpg]
[www.susanbuckmorss.info/media/files/visualempire024bjapanhorse-1.jpg]
[www.susanbuckmorss.info/media/files/visualempire024ajapangeneral-1.jpg]
[www.susanbuckmorss.info/media/files/visualempire025japanamberliquid-1.jpg]
[www.susanbuckmorss.info/media/files/visualempire026hirohitocoronation.jpg]
[www.susanbuckmorss.info/media/files/visualempire027mcarthurhirohito.jpg]
[www.susanbuckmorss.info/media/files/visualempire27asokurov.jpg]
[www.susanbuckmorss.info/media/files/visualempire28asokurovledge.jpg]
[www.susanbuckmorss.info/media/files/visualempire028hirohitolifemag.jpg]
[www.susanbuckmorss.info/text/visual-empire/index.html]
[www.susanbuckmorss.info/directus/media/thumbnails/visualstudies001naturetrain0672.jpg]
[www.susanbuckmorss.info/directus/media/thumbnails/visualstudies002bookcoverterror-1a5a3.jpg]
[www.susanbuckmorss.info/directus/media/thumbnails/visualstudies003headshots-13af7.jpg]
[www.susanbuckmorss.info/directus/media/thumbnails/visualstudies004makelovenotwar317d.jpg]
[www.susanbuckmorss.info/directus/media/thumbnails/visual-studies-and-global-imagination-interview-1fb3c.jpg]
[www.susanbuckmorss.info/media/files/visualstudies001naturetrain.jpg]
[www.susanbuckmorss.info/media/files/visualstudies001bafterevans.jpg]
[www.susanbuckmorss.info/media/files/visualstudies002bookcoverterror-1.jpg]
[www.susanbuckmorss.info/media/files/visualstudies003headshots-1.jpg]
[www.susanbuckmorss.info/media/files/visualstudies004makelovenotwar.jpg]
[www.susanbuckmorss.info/text/visual-studies-and-global-imagination/index.html]
[www.susanbuckmorss.info/text/envisioning-capital/index.html]
[www.susanbuckmorss.info/directus/media/thumbnails/citycatastrophe001monument-186ef.jpg]
[www.susanbuckmorss.info/directus/media/thumbnails/citycatastrophe002businessmen-18ad2.jpg]
[www.susanbuckmorss.info/directus/media/thumbnails/citycatastrophe003capitalism-17521.jpg]
[www.susanbuckmorss.info/directus/media/thumbnails/citycatastrophe004eyehands-246d6.jpg]
[www.susanbuckmorss.info/directus/media/thumbnails/citycatastrophe005pavilions-13771.jpg]
[www.susanbuckmorss.info/directus/media/thumbnails/citycatastrophe006bedroom-1612e.jpg]
[www.susanbuckmorss.info/directus/media/thumbnails/citycatastrophe007palazzinaexterior-1eab8.jpg]
[www.susanbuckmorss.info/directus/media/thumbnails/citycatastrophe008palazzinainterior-2e874.jpg]
[www.susanbuckmorss.info/directus/media/thumbnails/citycatastrophe009rodchenkoposter-1e962.jpg]
[www.susanbuckmorss.info/directus/media/thumbnails/citycatastrophe010constructiviststudy-1a601.jpg]
[www.susanbuckmorss.info/directus/media/thumbnails/citycatastrophe011coffeepotfloral-2f118.jpg]
[www.susanbuckmorss.info/directus/media/thumbnails/citycatastrophe012teapotmalevich-1e6d6.jpg]
[www.susanbuckmorss.info/directus/media/thumbnails/citycatastrophe013socialismposter-1a582.jpg]
[www.susanbuckmorss.info/directus/media/thumbnails/citycatastrophe014sssrnastroike-14b9f.jpg]
[www.susanbuckmorss.info/directus/media/thumbnails/citycatastrophe015fascisthouse-13771.jpg]
[www.susanbuckmorss.info/directus/media/thumbnails/citycatastrophe016hotelleningrad-232fb.jpg]
[www.susanbuckmorss.info/directus/media/thumbnails/citycatastrophe017waldorfastoria-1b818.jpg]
[www.susanbuckmorss.info/directus/media/thumbnails/citycatastrophe018candelabrashchusev-2ff23.jpg]
[www.susanbuckmorss.info/directus/media/thumbnails/citycatastrophe019replicantposter-19b53.jpg]
[www.susanbuckmorss.info/directus/media/thumbnails/citycatastrophe020queue-1fef5.jpg]
[www.susanbuckmorss.info/media/files/citycatastrophe001monument-1.jpg]
[www.susanbuckmorss.info/media/files/citycatastrophe002businessmen-1.jpg]
[www.susanbuckmorss.info/media/files/citycatastrophe003capitalism-1.jpg]
[www.susanbuckmorss.info/media/files/citycatastrophe004eyehands-2.jpg]
[www.susanbuckmorss.info/media/files/citycatastrophe005pavilions-1.jpg]
[www.susanbuckmorss.info/media/files/citycatastrophe006bedroom-1.jpg]
[www.susanbuckmorss.info/media/files/citycatastrophe007palazzinaexterior-1.jpg]
[www.susanbuckmorss.info/media/files/citycatastrophe008palazzinainterior-2.jpg]
[www.susanbuckmorss.info/media/files/citycatastrophe009rodchenkoposter-1.jpg]
[www.susanbuckmorss.info/media/files/citycatastrophe010constructiviststudy-1.jpg]
[www.susanbuckmorss.info/media/files/citycatastrophe011coffeepotfloral-2.jpg]
[www.susanbuckmorss.info/media/files/citycatastrophe012teapotmalevich-1.jpg]
[www.susanbuckmorss.info/media/files/citycatastrophe013socialismposter-1.jpg]
[www.susanbuckmorss.info/media/files/citycatastrophe014sssrnastroike-1.jpg]
[www.susanbuckmorss.info/media/files/citycatastrophe015fascisthouse-1.jpg]
[www.susanbuckmorss.info/media/files/citycatastrophe016hotelleningrad-2.jpg]
[www.susanbuckmorss.info/media/files/citycatastrophe017waldorfastoria-1.jpg]
[www.susanbuckmorss.info/media/files/citycatastrophe018candelabrashchusev-2.jpg]
[www.susanbuckmorss.info/media/files/citycatastrophe019replicantposter-1.jpg]
[www.susanbuckmorss.info/media/files/citycatastrophe020queue-1.jpg]
[www.susanbuckmorss.info/text/the-city-as-dreamworld-and-catastrophe/index.html]
[www.susanbuckmorss.info/directus/media/thumbnails/aestheticsanaesthetics001brain-1ef37.jpg]
[www.susanbuckmorss.info/directus/media/thumbnails/aestheticsanaesthetics002birches-19158.jpg]
[www.susanbuckmorss.info/directus/media/thumbnails/aestheticsanaesthetics003cells-35c16.jpg]
[www.susanbuckmorss.info/directus/media/thumbnails/aestheticsanaesthetics004nerves90cf.jpg]
[www.susanbuckmorss.info/directus/media/thumbnails/aestheticsanaesthetics005pondsextract7379.jpg]
[www.susanbuckmorss.info/directus/media/thumbnails/aestheticsanaesthetics006laughinggas-21789.jpg]
[www.susanbuckmorss.info/directus/media/thumbnails/aestheticsanaesthetics007seine-19997.jpg]
[www.susanbuckmorss.info/directus/media/thumbnails/aestheticsanaesthetics008aswimmingmachines4309.jpg]
[www.susanbuckmorss.info/directus/media/thumbnails/aestheticsanaesthetics008bswimmingmachines6cd5.jpg]
[www.susanbuckmorss.info/directus/media/thumbnails/aestheticsanaesthetics009surgerybook-105bf.jpg]
[www.susanbuckmorss.info/directus/media/thumbnails/aestheticsanaesthetics010patientsurrounded-17b6b.jpg]
[www.susanbuckmorss.info/directus/media/thumbnails/aestheticsanaesthetics011theaterdiagram7242.jpg]
[www.susanbuckmorss.info/directus/media/thumbnails/aestheticsanaesthetics012adasgesichtdererde25fc.jpg]
[www.susanbuckmorss.info/directus/media/thumbnails/aestheticsanaesthetics012bdasgesichtdererde9872.jpg]
[www.susanbuckmorss.info/directus/media/thumbnails/aestheticsanaesthetics013sovietdigram3d77.jpg]
[www.susanbuckmorss.info/directus/media/thumbnails/aestheticsanaesthetics014handswagner-13cf5.jpg]
[www.susanbuckmorss.info/directus/media/thumbnails/aestheticsanaesthetics015hitlerreichstag-1dacd.jpg]
[www.susanbuckmorss.info/directus/media/thumbnails/aestheticsanaesthetics016adarwinexpressions17a0.jpg]
[www.susanbuckmorss.info/directus/media/thumbnails/aestheticsanaesthetics016bdarwinexpressions-18462.jpg]
[www.susanbuckmorss.info/directus/media/thumbnails/aestheticsanaesthetics017ahitlerposesccad.jpg]
[www.susanbuckmorss.info/directus/media/thumbnails/aestheticsanaesthetics017bhitlerposes7dd2.jpg]
[www.susanbuckmorss.info/media/files/kovalevskayabrain.png]
[www.susanbuckmorss.info/media/files/pollardbirches.png]
[www.susanbuckmorss.info/media/files/betzcelltest.png]
[www.susanbuckmorss.info/media/files/fifthnerve.png]
[www.susanbuckmorss.info/text/aesthetics-and-anaesthetics-part-i/index.html]
[www.susanbuckmorss.info/media/files/remedy.png]
[www.susanbuckmorss.info/media/files/ether.png]
[www.susanbuckmorss.info/media/files/seine.png]
[www.susanbuckmorss.info/media/files/screen-shot-2015-12-13-at-14752-am.png]
[www.susanbuckmorss.info/media/files/screen-shot-2015-12-13-at-14800-am.png]
[www.susanbuckmorss.info/media/files/screen-shot-2015-12-13-at-52651-pm.png]
[www.susanbuckmorss.info/media/files/screen-shot-2015-12-13-at-53823-pm.png]
[www.susanbuckmorss.info/media/files/screen-shot-2015-12-13-at-54500-pm.png]
[www.susanbuckmorss.info/media/files/junger.png]
[www.susanbuckmorss.info/media/files/screen-shot-2015-12-14-at-92905-pm.png]
[www.susanbuckmorss.info/media/files/screen-shot-2015-12-14-at-93537-pm.png]
[www.susanbuckmorss.info/media/files/screen-shot-2015-12-14-at-93555-pm.png]
[www.susanbuckmorss.info/media/files/expression1.png]
[www.susanbuckmorss.info/media/files/derfuhrersface1.png]
[www.susanbuckmorss.info/media/files/expression2.png]
[www.susanbuckmorss.info/media/files/derfuhrersface2.png]
[www.susanbuckmorss.info/text/aesthetics-and-anaesthetics-part-ii/index.html]
[www.susanbuckmorss.info/directus/media/thumbnails/mtsensk2-190d6.jpg]
[www.susanbuckmorss.info/directus/media/thumbnails/pravda08b5.jpg]
[www.susanbuckmorss.info/directus/media/thumbnails/4480c7ac.jpg]
[www.susanbuckmorss.info/directus/media/thumbnails/mtsensk221c4.jpg]
[www.susanbuckmorss.info/media/files/mtsensk2-1.jpg]
[www.susanbuckmorss.info/media/files/mtsensk2.jpg]
[www.susanbuckmorss.info/media/files/4480.jpg]
[www.susanbuckmorss.info/media/files/pravda.jpg]
[www.susanbuckmorss.info/text/on-walter-benjamins-the-storyteller/index.html]
[www.susanbuckmorss.info/media/files/interviewvisualculture001bundesarchiv.jpg]
[www.susanbuckmorss.info/text/journal-of-visual-culture/index.html]
[www.susanbuckmorss.info/media/files/interviewbelgrade001.jpg]
[www.susanbuckmorss.info/text/belgrade-circle/index.html]
[www.susanbuckmorss.info/media/files/commonistethics040occupyredbanner.jpg]
[www.susanbuckmorss.info/text/kultura-liberalna/index.html]
[www.susanbuckmorss.info/constellation/on-walter-benjamins-the-storyteller/index.html]
[www.susanbuckmorss.info/directus/media/thumbnails/texas-gas-station13-20900.jpg]
[www.susanbuckmorss.info/directus/media/thumbnails/meierarspacamuseum27af.jpg]
[www.susanbuckmorss.info/directus/media/thumbnails/neron_y_agripinab14a.jpg]
[www.susanbuckmorss.info/directus/media/thumbnails/herculanaeum-attis-and-sebyledf93.jpg]
[www.susanbuckmorss.info/directus/media/thumbnails/great_cameo_of_france_cdm_paris_bab264_white_backgrounda489.jpg]
[www.susanbuckmorss.info/directus/media/thumbnails/familyofmanozark4generationsninleenfefb.jpg]
[www.susanbuckmorss.info/directus/media/thumbnails/the-belleli-family-edgar-degas-1346292968_bd43c.jpg]
[www.susanbuckmorss.info/directus/media/thumbnails/764px-julioclaudiand142.jpg]
[www.susanbuckmorss.info/directus/media/thumbnails/13thcenturyyounisnineveh9160.jpg]
[www.susanbuckmorss.info/directus/media/thumbnails/steelyard-weightscreen-shot-2014-12-15-at-54639-pm-13992.jpg]
[www.susanbuckmorss.info/directus/media/thumbnails/dead_sea_scroll_scholar_examination-copyfb3c.jpg]
[www.susanbuckmorss.info/directus/media/thumbnails/blake-angel-of-revelation-1805jpgblog-128fc.jpg]
[www.susanbuckmorss.info/directus/media/thumbnails/nexttoblake-190bf.jpg]
[www.susanbuckmorss.info/directus/media/thumbnails/1024px-attis_thymiaterion_louvre_tarse619101.jpg]
[www.susanbuckmorss.info/directus/media/thumbnails/ascentheavenantonius_pius_column_base4940.jpg]
[www.susanbuckmorss.info/directus/media/thumbnails/philonic-corpus-cropped287c.jpg]
[www.susanbuckmorss.info/directus/media/thumbnails/burger-house-texas7379.jpg]
[www.susanbuckmorss.info/directus/media/thumbnails/b_facundus_224vdet17a0.jpg]
[www.susanbuckmorss.info/directus/media/thumbnails/506px-william_blake_003-11c2f.jpg]
[www.susanbuckmorss.info/directus/media/thumbnails/egyptinitalyb2f3.jpg]
[www.susanbuckmorss.info/directus/media/thumbnails/islam2witnessgeronabeatus1068.jpg]
[www.susanbuckmorss.info/directus/media/thumbnails/texas-gas-station13-1df13.jpg]
[www.susanbuckmorss.info/directus/media/thumbnails/about_blockbooks_apocalypse3d6e.jpg]
[www.susanbuckmorss.info/directus/media/thumbnails/drer-crop-blog-2a12e.jpg]
[www.susanbuckmorss.info/directus/media/thumbnails/altar-of-domititus10e0c.jpg]
[www.susanbuckmorss.info/directus/media/thumbnails/hb_19804steelyard-weight16ab6587.jpg]
[www.susanbuckmorss.info/directus/media/thumbnails/talkomanfrom-marcofb3c.jpg]
[www.susanbuckmorss.info/directus/media/thumbnails/centaur_nymph_marqueste_tuileries316c.jpg]
[www.susanbuckmorss.info/directus/media/thumbnails/le_satyre-_jules_fontanez50fd.jpg]
[www.susanbuckmorss.info/directus/media/thumbnails/sanaa1_stanford_07_recto6b97.jpg]
[www.susanbuckmorss.info/directus/media/thumbnails/rashidaldin1jonahfb3c.jpg]
[www.susanbuckmorss.info/directus/media/thumbnails/jonah-rashid-al-dinfe96.jpg]
[www.susanbuckmorss.info/directus/media/thumbnails/whalestoothjonah-1fb3c.jpg]
[www.susanbuckmorss.info/directus/media/thumbnails/destroyedmosque-127af.jpg]
[www.susanbuckmorss.info/directus/media/thumbnails/susan-still-at-sct4fb3c.jpg]
[www.susanbuckmorss.info/constellation/-new-work/index.html]
[www.susanbuckmorss.info/directus/media/thumbnails/thinkingpastterror-image00127e5.jpg]
[www.susanbuckmorss.info/directus/media/thumbnails/thinkingpastterror-image002177a.jpg]
[www.susanbuckmorss.info/directus/media/thumbnails/thinkingpastterror-image003cb79.jpg]
[www.susanbuckmorss.info/directus/media/thumbnails/thinkingpastterror-image004aa62.jpg]
[www.susanbuckmorss.info/directus/media/thumbnails/thinkingpastterror-image005cb79.jpg]
[www.susanbuckmorss.info/directus/media/thumbnails/thinkingpastterror-image006bd60.jpg]
[www.susanbuckmorss.info/directus/media/thumbnails/thinkingpastterror-image0077515.jpg]
[www.susanbuckmorss.info/directus/media/thumbnails/thinkingpastterror-image008ff23.jpg]
[www.susanbuckmorss.info/directus/media/thumbnails/thinkingpastterror-image00927e5.jpg]
[www.susanbuckmorss.info/directus/media/thumbnails/thinkingpastterror-image010177a.jpg]
[www.susanbuckmorss.info/media/files/terrorcover.jpg]
[www.susanbuckmorss.info/media/files/thinkingpastterror-image001.jpg]
[www.susanbuckmorss.info/media/files/thinkingpastterror-image002.jpg]
[www.susanbuckmorss.info/media/files/thinkingpastterror-image003.jpg]
[www.susanbuckmorss.info/media/files/thinkingpastterror-image004.jpg]
[www.susanbuckmorss.info/media/files/thinkingpastterror-image005.jpg]
[www.susanbuckmorss.info/media/files/thinkingpastterror-image006.jpg]
[www.susanbuckmorss.info/media/files/thinkingpastterror-image007.jpg]
[www.susanbuckmorss.info/media/files/thinkingpastterror-image008.jpg]
[www.susanbuckmorss.info/media/files/thinkingpastterror-image009.jpg]
[www.susanbuckmorss.info/media/files/thinkingpastterror-image010.jpg]
[www.susanbuckmorss.info/constellation/note-on-thinking-past-terror/index.html]
[www.susanbuckmorss.info/directus/media/thumbnails/dialecticsseeing001arcadesfb3c.jpg]
[www.susanbuckmorss.info/directus/media/thumbnails/dialecticsseeing002asjadora21c4.jpg]
[www.susanbuckmorss.info/directus/media/thumbnails/dialecticsseeing003benjamins-notes-found-in-the-bibliotheque-nationale545c.jpg]
[www.susanbuckmorss.info/directus/media/thumbnails/dialecticsseeing004figure-693992.jpg]
[www.susanbuckmorss.info/directus/media/thumbnails/dialecticsseeing005figure-610baf8.jpg]
[www.susanbuckmorss.info/directus/media/thumbnails/dialecticsseeing006figure-61165f6.jpg]
[www.susanbuckmorss.info/directus/media/thumbnails/dialecticsseeing007galleria-principe-naplesba47.jpg]
[www.susanbuckmorss.info/directus/media/thumbnails/dialecticsseeing008gum-moscow8900.jpg]
[www.susanbuckmorss.info/directus/media/thumbnails/dialecticsseeing009hansbayerbringancientsuptodate1304.jpg]
[www.susanbuckmorss.info/directus/media/thumbnails/dialecticsseeing010heartfield-voice-from-the-swamp7a32.jpg]
[www.susanbuckmorss.info/directus/media/thumbnails/dialecticsseeing011interior-gum-moscow-department-stored7a8.jpg]
[www.susanbuckmorss.info/directus/media/thumbnails/dialecticsseeing012kaisergalerie-berlin56db.jpg]
[www.susanbuckmorss.info/directus/media/thumbnails/dialecticsseeing013passage-choiseul33b4.jpg]
[www.susanbuckmorss.info/directus/media/thumbnails/dialecticsseeing014revolutioninstyle-1f48c.jpg]
[www.susanbuckmorss.info/directus/media/thumbnails/dialecticsseeing015the-kaiser-gallery-a-shopping-arcade-built-by-von-kyllmann-and-heyden-in-1969-73e962.jpg]
[www.susanbuckmorss.info/constellation/note-on-the-dialectics-of-seeing/index.html]
[www.susanbuckmorss.info/directus/media/thumbnails/hegelhaitiimage1eab8.jpg]
[www.susanbuckmorss.info/directus/media/thumbnails/hegelhaitiimage2b607.jpg]
[www.susanbuckmorss.info/directus/media/thumbnails/hegelhaitiimage3d852.jpg]
[www.susanbuckmorss.info/directus/media/thumbnails/hegelhaitiimage4316c.jpg]
[www.susanbuckmorss.info/directus/media/thumbnails/hegelhaitiimage58a76.jpg]
[www.susanbuckmorss.info/directus/media/thumbnails/hegelhaitiimage68650.jpg]
[www.susanbuckmorss.info/directus/media/thumbnails/hegelhaitiimage77379.jpg]
[www.susanbuckmorss.info/directus/media/thumbnails/hegelhaitiimage8316c.jpg]
[www.susanbuckmorss.info/directus/media/thumbnails/hegelhaitiimage98049.jpg]
[www.susanbuckmorss.info/directus/media/thumbnails/hegelhaitiimage103e1c.jpg]
[www.susanbuckmorss.info/directus/media/thumbnails/hegelhaitiimage110f8d.jpg]
[www.susanbuckmorss.info/directus/media/thumbnails/hegelhaitiimage129e3c.jpg]
[www.susanbuckmorss.info/directus/media/thumbnails/hegelhaitiimage136398.jpg]
[www.susanbuckmorss.info/directus/media/thumbnails/hegelhaitiimage146c69.jpg]
[www.susanbuckmorss.info/directus/media/thumbnails/hegelhaitiimage15d421.jpg]
[www.susanbuckmorss.info/directus/media/thumbnails/hegelhaitiimage163a48.jpg]
[www.susanbuckmorss.info/directus/media/thumbnails/hegelhaitiimage173d6e.jpg]
[www.susanbuckmorss.info/directus/media/thumbnails/hegelhaitiimage1864e3.jpg]
[www.susanbuckmorss.info/directus/media/thumbnails/hegelhaitiimage19cf4b.jpg]
[www.susanbuckmorss.info/directus/media/thumbnails/hegelhaitiimage2027af.jpg]
[www.susanbuckmorss.info/directus/media/thumbnails/hegelhaitiimage21fb3c.jpg]
[www.susanbuckmorss.info/directus/media/thumbnails/hegelhaitiimage22ce94.jpg]
[www.susanbuckmorss.info/directus/media/thumbnails/hegelhaitiimage234d22.jpg]
[www.susanbuckmorss.info/directus/media/thumbnails/hegelhaitiimage24177a.jpg]
[www.susanbuckmorss.info/directus/media/thumbnails/hegelhaitiimage2527e5.jpg]
[www.susanbuckmorss.info/directus/media/thumbnails/hegelhaitiimage26ea6f.jpg]
[www.susanbuckmorss.info/directus/media/thumbnails/hegelhaitiimage273ec7.jpg]
[www.susanbuckmorss.info/directus/media/thumbnails/hegelhaitiimage28f588.jpg]
[www.susanbuckmorss.info/media/files/hegelhaitiimage18.jpg]
[www.susanbuckmorss.info/media/files/hegelhaitiimage1.jpg]
[www.susanbuckmorss.info/media/files/hegelhaitiimage2.jpg]
[www.susanbuckmorss.info/media/files/hegelhaitiimage3.png]
[www.susanbuckmorss.info/media/files/hegelhaitiimage4.png]
[www.susanbuckmorss.info/media/files/hegelhaitiimage5.png]
[www.susanbuckmorss.info/media/files/hegelhaitiimage6.png]
[www.susanbuckmorss.info/media/files/hegelhaitiimage7.png]
[www.susanbuckmorss.info/media/files/hegelhaitiimage8.png]
[www.susanbuckmorss.info/media/files/hegelhaitiimage9.png]
[www.susanbuckmorss.info/media/files/hegelhaitiimage10.png]
[www.susanbuckmorss.info/media/files/hegelhaitiimage11.png]
[www.susanbuckmorss.info/media/files/hegelhaitiimage12.png]
[www.susanbuckmorss.info/media/files/hegelhaitiimage13.jpg]
[www.susanbuckmorss.info/media/files/hegelhaitiimage14.jpg]
[www.susanbuckmorss.info/media/files/hegelhaitiimage15.jpg]
[www.susanbuckmorss.info/media/files/hegelhaitiimage16.png]
[www.susanbuckmorss.info/media/files/hegelhaitiimage17.jpg]
[www.susanbuckmorss.info/media/files/hegelhaitiimage19.jpg]
[www.susanbuckmorss.info/media/files/hegelhaitiimage20.jpg]
[www.susanbuckmorss.info/media/files/hegelhaitiimage21.jpg]
[www.susanbuckmorss.info/media/files/hegelhaitiimage22.jpg]
[www.susanbuckmorss.info/media/files/hegelhaitiimage23.jpg]
[www.susanbuckmorss.info/media/files/hegelhaitiimage24.jpg]
[www.susanbuckmorss.info/media/files/hegelhaitiimage25.jpg]
[www.susanbuckmorss.info/media/files/hegelhaitiimage26.jpg]
[www.susanbuckmorss.info/media/files/hegelhaitiimage27.jpg]
[www.susanbuckmorss.info/media/files/hegelhaitiimage28.jpg]
[www.susanbuckmorss.info/constellation/note-on-hegel-haiti-and-universal-history/index.html]
[www.susanbuckmorss.info/directus/media/thumbnails/negativedialectics015bookcover8a76.jpg]
[www.susanbuckmorss.info/directus/media/thumbnails/negativedialectics001adorno-as-child680f.jpg]
[www.susanbuckmorss.info/directus/media/thumbnails/negativedialectics002theodor-w-adorno-1903-1969-infc4b.jpg]
[www.susanbuckmorss.info/directus/media/thumbnails/negativedialectics003edmund-husserl6b6d.jpg]
[www.susanbuckmorss.info/directus/media/thumbnails/negativedialectics004martin-heideggerd98d.jpg]
[www.susanbuckmorss.info/directus/media/thumbnails/negativedialectics005jean-paul-sartre2689.jpg]
[www.susanbuckmorss.info/directus/media/thumbnails/negativedialectics006gretel-adorno37ef.jpg]
[www.susanbuckmorss.info/directus/media/thumbnails/negativedialectics010angela-davisa12e.jpg]
[www.susanbuckmorss.info/directus/media/thumbnails/negativedialectics007husserls-family3d77.jpg]
[www.susanbuckmorss.info/directus/media/thumbnails/negativedialectics008hannah-arendt9e56.jpg]
[www.susanbuckmorss.info/directus/media/thumbnails/negativedialectics009-simone-de-beauvooir-1945-photo-by-cartier-bresson-19457379.jpg]
[www.susanbuckmorss.info/directus/media/thumbnails/negativedialectics011judith-butler-receives-adorno-prize-2012177a.jpg]
[www.susanbuckmorss.info/directus/media/thumbnails/negativedialectics012-chestnut-tree27e5.jpg]
[www.susanbuckmorss.info/directus/media/thumbnails/negativedialectics013burningtreeclose7a32.jpg]
[www.susanbuckmorss.info/directus/media/thumbnails/negativedialectics014reading-as-world-is-destroyedfb3c.jpg]
[www.susanbuckmorss.info/media/files/negativedialectics015bookcover.jpg]
[www.susanbuckmorss.info/media/files/negativedialectics001adorno-as-child.jpg]
[www.susanbuckmorss.info/media/files/negativedialectics002theodor-w-adorno-1903-1969-in.jpg]
[www.susanbuckmorss.info/media/files/negativedialectics003edmund-husserl.jpg]
[www.susanbuckmorss.info/media/files/negativedialectics004martin-heidegger.jpg]
[www.susanbuckmorss.info/media/files/negativedialectics005jean-paul-sartre.png]
[www.susanbuckmorss.info/media/files/negativedialectics006gretel-adorno.jpg]
[www.susanbuckmorss.info/media/files/negativedialectics007husserls-family.jpg]
[www.susanbuckmorss.info/media/files/negativedialectics008hannah-arendt.jpg]
[www.susanbuckmorss.info/media/files/negativedialectics009-simone-de-beauvooir-1945-photo-by-cartier-bresson-1945.jpg]
[www.susanbuckmorss.info/media/files/negativedialectics010angela-davis.jpg]
[www.susanbuckmorss.info/media/files/negativedialectics011judith-butler-receives-adorno-prize-2012.jpg]
[www.susanbuckmorss.info/media/files/negativedialectics012-chestnut-tree.jpg]
[www.susanbuckmorss.info/media/files/negativedialectics013burningtreeclose.jpg]
[www.susanbuckmorss.info/media/files/negativedialectics014reading-as-world-is-destroyed.jpg]
[www.susanbuckmorss.info/constellation/note-on-the-origin-of-negative-dialectics/index.html]
[www.susanbuckmorss.info/constellation/seeing-global/index.html]
[www.susanbuckmorss.info/constellation/visual-studies--global-imagination/index.html]
[www.susanbuckmorss.info/constellation/commonist-ethics/index.html]
[www.susanbuckmorss.info/directus/media/thumbnails/gop001angelusnovusec30.jpg]
[www.susanbuckmorss.info/directus/media/thumbnails/gop002herowing5131.jpg]
[www.susanbuckmorss.info/directus/media/thumbnails/sarajevolibraryf009.jpg]
[www.susanbuckmorss.info/directus/media/thumbnails/gop004iraqmuseumdestroyedb1dc.jpg]
[www.susanbuckmorss.info/directus/media/thumbnails/iraqibooks7379.jpg]
[www.susanbuckmorss.info/directus/media/thumbnails/gop006venicebus8c43.jpg]
[www.susanbuckmorss.info/directus/media/thumbnails/gop007gaza5c16.jpg]
[www.susanbuckmorss.info/directus/media/thumbnails/gop008bloodiedcar9158.jpg]
[www.susanbuckmorss.info/constellation/the-gift-of-the-past/index.html]
[www.susanbuckmorss.info/constellation/visual-empire/index.html]
[www.susanbuckmorss.info/constellation/aesthetics-and-anaesthetics/index.html]
[www.susanbuckmorss.info/constellation/the-city-as-dreamworld-and-catastrophe/index.html]
[www.susanbuckmorss.info/constellation/envisioning-capital/index.html]
[www.susanbuckmorss.info/text/note-on-hegel-haiti-and-universal-history/index.html]
[www.susanbuckmorss.info/text/note-on-thinking-past-terror/index.html]
[www.susanbuckmorss.info/text/note-on-the-dialectics-of-seeing/index.html]
[www.susanbuckmorss.info/text/note-on-the-origin-of-negative-dialectics/index.html]
[www.susanbuckmorss.info/books/index.html]
[www.susanbuckmorss.info/archive/index.html]
[www.susanbuckmorss.info/media/files/buck-morss.png]
[www.susanbuckmorss.info/page/biography/index.html]
[www.susanbuckmorss.info/category/syllabuses/index.html]
[www.susanbuckmorss.info/category/interviews/index.html]
[www.susanbuckmorss.info/cdn-cgi/scripts/5c5dd728/cloudflare-static/email-decode.min.js]
[www.google-analytics.com/analytics.js]
[www.susanbuckmorss.info/common/css/fonts/modernpics_2_16-webfont.svg]
[www.susanbuckmorss.info/page/index.html]
[www.susanbuckmorss.info/page/curriculum-vitae/www.surrealismcentre.ac.uk/publications/papers/journal2/acrobat_files/buck_morss/index.html]
[www.susanbuckmorss.info/gtm.js/index.html]
[www.susanbuckmorss.info/plugins/index.html]
